It seens that when we get the warning 

timeout: the monitored command dumped core
WARNING: Farsite.readPopulation -> The number of parameters specified in population file is greater than maxparams used in compilation.
INFO: FireSimulator.main -> Going to start for individual (0,657)...
INFO: FireSimulator.main -> 0 657 9.000000 2.000000 1.000000 59.000000 81.000000 21.000000 269.000000 36.000000 55.000000 0.981715 0.000000 0.000000 0.000000 0.000000 0.000000 0.000000 0.000000 0.000000 0.000000 0.000000 0.000000
INFO: FireSimulator.runIndividual -> Gonna run farsite for individual:
INFO: FireSimulator.runIndividual -> 0 657 9.000000 2.000000 1.000000 59.000000 81.000000 21.000000 269.000000 36.000000 55.000000 0.981715 0.000000 0.000000 0.000000 0.000000 0.000000 0.000000 0.000000 0.000000 0.000000 0.000000 0.000000
INFO: Farsite.runSimFarsite -> Going to run farsite for individual (0,657) 
INFO: Farsite.createInputFiles -> Going to create input files for individual (0,657) 
INFO: FireSimulator.runIndividual -> Finished for individual (0,657).
INFO: FireSimulator.runIndividual -> adjustmentError: (0,657): 9999.990234
INFO: FireSimulator.runIndividual -> &adjustmentError: (0,657): 9999.990234
WARNING: Farsite.readPopulation -> The number of parameters specified in population file is greater than maxparams used in compilation.
INFO: FireSimulator.main -> Going to start for individual (0,658)...
I

edigley@cariri:~/doutorado_uab/git/spif/playpen/jonquera$ date
Sáb Mar  9 21:46:49 CET 2019
edigley@cariri:~/doutorado_uab/git/spif/playpen/jonquera$ date && for i in `seq 646 665`; do rm output/raster_0_$i.toa; done
Sáb Mar  9 21:47:17 CET 2019
rm: não foi possível remover “output/raster_0_657.toa”: Arquivo ou diretório não encontrado
edigley@cariri:~/doutorado_uab/git/spif/playpen/jonquera$
edigley@cariri:~/doutorado_uab/git/spif/playpen/jonquera$ date && for i in `seq 666 712`; do rm output/raster_0_$i.toa; done
Dom Mar 10 09:12:54 CET 2019
rm: não foi possível remover “output/raster_0_673.toa”: Arquivo ou diretório não encontrado
rm: não foi possível remover “output/raster_0_675.toa”: Arquivo ou diretório não encontrado
rm: não foi possível remover “output/raster_0_684.toa”: Arquivo ou diretório não encontrado
edigley@cariri:~/doutorado_uab/git/spif/playpen/jonquera$
edigley@cariri:~/doutorado_uab/git/spif/playpen/jonquera$ date && for i in `seq 666 712`; do rm output/raster_0_$i.toa; done
Dom Mar 10 09:12:54 CET 2019
rm: não foi possível remover “output/raster_0_673.toa”: Arquivo ou diretório não encontrado
rm: não foi possível remover “output/raster_0_675.toa”: Arquivo ou diretório não encontrado
rm: não foi possível remover “output/raster_0_684.toa”: Arquivo ou diretório não encontrado
edigley@cariri:~/doutorado_uab/git/spif/playpen/jonquera$ date && for i in `seq 713 734`; do rm output/raster_0_$i.toa; done
Dom Mar 10 15:59:48 CET 2019
rm: não foi possível remover “output/raster_0_724.toa”: Arquivo ou diretório não encontrado
rm: não foi possível remover “output/raster_0_725.toa”: Arquivo ou diretório não encontrado
rm: não foi possível remover “output/raster_0_728.toa”: Arquivo ou diretório não encontrado
edigley@cariri:~/doutorado_uab/git/spif/playpen/jonquera$
edigley@cariri:~/doutorado_uab/git/spif/playpen/jonquera$ date && for i in `seq 666 712`; do rm output/raster_0_$i.toa; done
Dom Mar 10 09:12:54 CET 2019
rm: não foi possível remover “output/raster_0_673.toa”: Arquivo ou diretório não encontrado
rm: não foi possível remover “output/raster_0_675.toa”: Arquivo ou diretório não encontrado
rm: não foi possível remover “output/raster_0_684.toa”: Arquivo ou diretório não encontrado
edigley@cariri:~/doutorado_uab/git/spif/playpen/jonquera$ date && for i in `seq 713 734`; do rm output/raster_0_$i.toa; done
Dom Mar 10 15:59:48 CET 2019
rm: não foi possível remover “output/raster_0_724.toa”: Arquivo ou diretório não encontrado
rm: não foi possível remover “output/raster_0_725.toa”: Arquivo ou diretório não encontrado
rm: não foi possível remover “output/raster_0_728.toa”: Arquivo ou diretório não encontrado
edigley@cariri:~/doutorado_uab/git/spif/playpen/jonquera$
edigley@cariri:~/doutorado_uab/git/spif/playpen/jonquera$ date && for i in `seq 742 769`; do rm output/raster_0_$i.toa; done
Seg Mar 11 02:04:12 CET 2019
rm: não foi possível remover “output/raster_0_748.toa”: Arquivo ou diretório não encontrado
rm: não foi possível remover “output/raster_0_750.toa”: Arquivo ou diretório não encontrado
rm: não foi possível remover “output/raster_0_760.toa”: Arquivo ou diretório não encontrado
edigley@cariri:~/doutorado_uab/git/spif/playpen/jonquera$ date && for i in `seq 742 827`; do rm output/raster_0_$i.toa; done
Seg Mar 11 19:06:46 CET 2019
rm: não foi possível remover “output/raster_0_742.toa”: Arquivo ou diretório não encontrado
rm: não foi possível remover “output/raster_0_743.toa”: Arquivo ou diretório não encontrado
rm: não foi possível remover “output/raster_0_744.toa”: Arquivo ou diretório não encontrado
rm: não foi possível remover “output/raster_0_745.toa”: Arquivo ou diretório não encontrado
rm: não foi possível remover “output/raster_0_746.toa”: Arquivo ou diretório não encontrado
rm: não foi possível remover “output/raster_0_747.toa”: Arquivo ou diretório não encontrado
rm: não foi possível remover “output/raster_0_748.toa”: Arquivo ou diretório não encontrado
rm: não foi possível remover “output/raster_0_749.toa”: Arquivo ou diretório não encontrado
rm: não foi possível remover “output/raster_0_750.toa”: Arquivo ou diretório não encontrado
rm: não foi possível remover “output/raster_0_751.toa”: Arquivo ou diretório não encontrado
rm: não foi possível remover “output/raster_0_752.toa”: Arquivo ou diretório não encontrado
rm: não foi possível remover “output/raster_0_753.toa”: Arquivo ou diretório não encontrado
rm: não foi possível remover “output/raster_0_754.toa”: Arquivo ou diretório não encontrado
rm: não foi possível remover “output/raster_0_755.toa”: Arquivo ou diretório não encontrado
rm: não foi possível remover “output/raster_0_756.toa”: Arquivo ou diretório não encontrado
rm: não foi possível remover “output/raster_0_757.toa”: Arquivo ou diretório não encontrado
rm: não foi possível remover “output/raster_0_758.toa”: Arquivo ou diretório não encontrado
rm: não foi possível remover “output/raster_0_759.toa”: Arquivo ou diretório não encontrado
rm: não foi possível remover “output/raster_0_760.toa”: Arquivo ou diretório não encontrado
rm: não foi possível remover “output/raster_0_761.toa”: Arquivo ou diretório não encontrado
rm: não foi possível remover “output/raster_0_762.toa”: Arquivo ou diretório não encontrado
rm: não foi possível remover “output/raster_0_763.toa”: Arquivo ou diretório não encontrado
rm: não foi possível remover “output/raster_0_764.toa”: Arquivo ou diretório não encontrado
rm: não foi possível remover “output/raster_0_765.toa”: Arquivo ou diretório não encontrado
rm: não foi possível remover “output/raster_0_766.toa”: Arquivo ou diretório não encontrado
rm: não foi possível remover “output/raster_0_767.toa”: Arquivo ou diretório não encontrado
rm: não foi possível remover “output/raster_0_768.toa”: Arquivo ou diretório não encontrado
rm: não foi possível remover “output/raster_0_769.toa”: Arquivo ou diretório não encontrado
rm: não foi possível remover “output/raster_0_777.toa”: Arquivo ou diretório não encontrado
rm: não foi possível remover “output/raster_0_788.toa”: Arquivo ou diretório não encontrado
rm: não foi possível remover “output/raster_0_789.toa”: Arquivo ou diretório não encontrado
rm: não foi possível remover “output/raster_0_797.toa”: Arquivo ou diretório não encontrado
rm: não foi possível remover “output/raster_0_799.toa”: Arquivo ou diretório não encontrado
rm: não foi possível remover “output/raster_0_806.toa”: Arquivo ou diretório não encontrado
rm: não foi possível remover “output/raster_0_823.toa”: Arquivo ou diretório não encontrado
rm: não foi possível remover “output/raster_0_826.toa”: Arquivo ou diretório não encontrado
edigley@cariri:~/doutorado_uab/git/spif/playpen/jonquera$
edigley@cariri:~/git/spif/playpen/jonquera$ date && for i in `seq 840 899`; do rm output/raster_0_$i.toa; done
Ter Mar 12 18:25:15 CET 2019
rm: não foi possível remover “output/raster_0_840.toa”: Arquivo ou diretório não encontrado
rm: não foi possível remover “output/raster_0_853.toa”: Arquivo ou diretório não encontrado
rm: não foi possível remover “output/raster_0_859.toa”: Arquivo ou diretório não encontrado
rm: não foi possível remover “output/raster_0_865.toa”: Arquivo ou diretório não encontrado
rm: não foi possível remover “output/raster_0_891.toa”: Arquivo ou diretório não encontrado
edigley@cariri:~/git/spif/playpen/jonquera$ 
edigley@cariri:~/git/spif/playpen/jonquera$ date && for i in `seq 900 918`; do rm output/raster_0_$i.toa; done
Ter Mar 12 23:14:30 CET 2019
rm: não foi possível remover “output/raster_0_904.toa”: Arquivo ou diretório não encontrado
edigley@cariri:~/git/spif/playpen/jonquera$ 
edigley@cariri:~/git/spif/playpen/jonquera$ date && for i in `seq 919 949`; do rm output/raster_0_$i.toa; done
Qua Mar 13 07:29:21 CET 2019
rm: não foi possível remover “output/raster_0_920.toa”: Arquivo ou diretório não encontrado
rm: não foi possível remover “output/raster_0_930.toa”: Arquivo ou diretório não encontrado
rm: não foi possível remover “output/raster_0_944.toa”: Arquivo ou diretório não encontrado
rm: não foi possível remover “output/raster_0_946.toa”: Arquivo ou diretório não encontrado
edigley@cariri:~/git/spif/playpen/jonquera$ 



awk 'NR==FNR {id[$1]; next}  ($2 in id)' ~/git/spif/results/id_of_farsite_individuals_results_without_toa_file.txt farsite_individuals_runtime_jonquera.txt | awk '{print $2" "$24}' | sort -g -k2,2